Go to below URL:
https://www.terraform.io/downloads

Select OS(Below for UBUNTU):
curl -fsSL https://apt.releases.hashicorp.com/gpg | sudo apt-key add -
sudo apt-add-repository "deb [arch=amd64] https://apt.releases.hashicorp.com $(lsb_release -cs) main"
sudo apt-get update && sudo apt-get install terraform

root@ip-172-31-28-111:~# terraform --version
Terraform v1.1.8
on linux_amd64

Set Hostname:

ubuntu@TerraformManager:~$ cat /etc/hostname
TerraformManager
ubuntu@TerraformManager:~$

Add user:
ubuntu@TerraformManager:~$ sudo useradd terraform
ubuntu@TerraformManager:~$ sudo passwd terraform
New password:
Retype new password:
passwd: password updated successfully

Provide root access:
ubuntu@TerraformManager:~$ sudo visudo
ansadmin ALL=(ALL) NOPASSWD: ALL

sudo vi /etc/ssh/sshd_config
# To disable tunneled clear text passwords, change to no here!
PasswordAuthentication yes
#PermitEmptyPasswords no

ubuntu@TerraformManager:~$ id terraform
uid=1001(terraform) gid=1001(terraform) groups=1001(terraform)
ubuntu@TerraformManager:~$
ubuntu@TerraformManager:~$ sudo su - terraform
su: warning: cannot change directory to /home/terraform: No such file or directory
$ bash
terraform@TerraformManager:/home/ubuntu$



